Archive member included to satisfy reference by file (symbol)

c:/st/stm32cubeide_1.11.0/stm32cubeide/plugins/com.st.stm32cube.ide.mcu.externaltools.gnu-tools-for-stm32.10.3-2021.10.win32_1.0.100.202210260954/tools/bin/../lib/gcc/arm-none-eabi/10.3.1/../../../../arm-none-eabi/lib/thumb/v7e-m+fp/hard\libc_nano.a(lib_a-errno.o)
                              ./Application/User/syscalls.o (__errno)
c:/st/stm32cubeide_1.11.0/stm32cubeide/plugins/com.st.stm32cube.ide.mcu.externaltools.gnu-tools-for-stm32.10.3-2021.10.win32_1.0.100.202210260954/tools/bin/../lib/gcc/arm-none-eabi/10.3.1/../../../../arm-none-eabi/lib/thumb/v7e-m+fp/hard\libc_nano.a(lib_a-exit.o)
                              c:/st/stm32cubeide_1.11.0/stm32cubeide/plugins/com.st.stm32cube.ide.mcu.externaltools.gnu-tools-for-stm32.10.3-2021.10.win32_1.0.100.202210260954/tools/bin/../lib/gcc/arm-none-eabi/10.3.1/../../../../arm-none-eabi/lib/thumb/v7e-m+fp/hard/crt0.o (exit)
c:/st/stm32cubeide_1.11.0/stm32cubeide/plugins/com.st.stm32cube.ide.mcu.externaltools.gnu-tools-for-stm32.10.3-2021.10.win32_1.0.100.202210260954/tools/bin/../lib/gcc/arm-none-eabi/10.3.1/../../../../arm-none-eabi/lib/thumb/v7e-m+fp/hard\libc_nano.a(lib_a-impure.o)
                              c:/st/stm32cubeide_1.11.0/stm32cubeide/plugins/com.st.stm32cube.ide.mcu.externaltools.gnu-tools-for-stm32.10.3-2021.10.win32_1.0.100.202210260954/tools/bin/../lib/gcc/arm-none-eabi/10.3.1/../../../../arm-none-eabi/lib/thumb/v7e-m+fp/hard\libc_nano.a(lib_a-exit.o) (_global_impure_ptr)
c:/st/stm32cubeide_1.11.0/stm32cubeide/plugins/com.st.stm32cube.ide.mcu.externaltools.gnu-tools-for-stm32.10.3-2021.10.win32_1.0.100.202210260954/tools/bin/../lib/gcc/arm-none-eabi/10.3.1/../../../../arm-none-eabi/lib/thumb/v7e-m+fp/hard\libc_nano.a(lib_a-init.o)
                              c:/st/stm32cubeide_1.11.0/stm32cubeide/plugins/com.st.stm32cube.ide.mcu.externaltools.gnu-tools-for-stm32.10.3-2021.10.win32_1.0.100.202210260954/tools/bin/../lib/gcc/arm-none-eabi/10.3.1/../../../../arm-none-eabi/lib/thumb/v7e-m+fp/hard/crt0.o (__libc_init_array)
c:/st/stm32cubeide_1.11.0/stm32cubeide/plugins/com.st.stm32cube.ide.mcu.externaltools.gnu-tools-for-stm32.10.3-2021.10.win32_1.0.100.202210260954/tools/bin/../lib/gcc/arm-none-eabi/10.3.1/../../../../arm-none-eabi/lib/thumb/v7e-m+fp/hard\libc_nano.a(lib_a-memset.o)
                              c:/st/stm32cubeide_1.11.0/stm32cubeide/plugins/com.st.stm32cube.ide.mcu.externaltools.gnu-tools-for-stm32.10.3-2021.10.win32_1.0.100.202210260954/tools/bin/../lib/gcc/arm-none-eabi/10.3.1/../../../../arm-none-eabi/lib/thumb/v7e-m+fp/hard/crt0.o (memset)
c:/st/stm32cubeide_1.11.0/stm32cubeide/plugins/com.st.stm32cube.ide.mcu.externaltools.gnu-tools-for-stm32.10.3-2021.10.win32_1.0.100.202210260954/tools/bin/../lib/gcc/arm-none-eabi/10.3.1/thumb/v7e-m+fp/hard\libgcc.a(_aeabi_uldivmod.o)
                              ./Drivers/STM32F4xx_HAL_Driver/stm32f4xx_hal_rcc.o (__aeabi_uldivmod)
c:/st/stm32cubeide_1.11.0/stm32cubeide/plugins/com.st.stm32cube.ide.mcu.externaltools.gnu-tools-for-stm32.10.3-2021.10.win32_1.0.100.202210260954/tools/bin/../lib/gcc/arm-none-eabi/10.3.1/thumb/v7e-m+fp/hard\libgcc.a(_udivmoddi4.o)
                              c:/st/stm32cubeide_1.11.0/stm32cubeide/plugins/com.st.stm32cube.ide.mcu.externaltools.gnu-tools-for-stm32.10.3-2021.10.win32_1.0.100.202210260954/tools/bin/../lib/gcc/arm-none-eabi/10.3.1/thumb/v7e-m+fp/hard\libgcc.a(_aeabi_uldivmod.o) (__udivmoddi4)
c:/st/stm32cubeide_1.11.0/stm32cubeide/plugins/com.st.stm32cube.ide.mcu.externaltools.gnu-tools-for-stm32.10.3-2021.10.win32_1.0.100.202210260954/tools/bin/../lib/gcc/arm-none-eabi/10.3.1/thumb/v7e-m+fp/hard\libgcc.a(_dvmd_tls.o)
                              c:/st/stm32cubeide_1.11.0/stm32cubeide/plugins/com.st.stm32cube.ide.mcu.externaltools.gnu-tools-for-stm32.10.3-2021.10.win32_1.0.100.202210260954/tools/bin/../lib/gcc/arm-none-eabi/10.3.1/thumb/v7e-m+fp/hard\libgcc.a(_aeabi_uldivmod.o) (__aeabi_ldiv0)

Discarded input sections

 .text          0x0000000000000000        0x0 c:/st/stm32cubeide_1.11.0/stm32cubeide/plugins/com.st.stm32cube.ide.mcu.externaltools.gnu-tools-for-stm32.10.3-2021.10.win32_1.0.100.202210260954/tools/bin/../lib/gcc/arm-none-eabi/10.3.1/thumb/v7e-m+fp/hard/crti.o
 .data          0x0000000000000000        0x0 c:/st/stm32cubeide_1.11.0/stm32cubeide/plugins/com.st.stm32cube.ide.mcu.externaltools.gnu-tools-for-stm32.10.3-2021.10.win32_1.0.100.202210260954/tools/bin/../lib/gcc/arm-none-eabi/10.3.1/thumb/v7e-m+fp/hard/crti.o
 .bss           0x0000000000000000        0x0 c:/st/stm32cubeide_1.11.0/stm32cubeide/plugins/com.st.stm32cube.ide.mcu.externaltools.gnu-tools-for-stm32.10.3-2021.10.win32_1.0.100.202210260954/tools/bin/../lib/gcc/arm-none-eabi/10.3.1/thumb/v7e-m+fp/hard/crti.o
[...]
Memory Configuration

Name             Origin             Length             Attributes
RAM              0x0000000020000000 0x0000000000018000 xrw
FLASH            0x0000000008000000 0x0000000000004000 xr
*default*        0x0000000000000000 0xffffffffffffffff

Linker script and memory map

LOAD c:/st/stm32cubeide_1.11.0/stm32cubeide/plugins/com.st.stm32cube.ide.mcu.externaltools.gnu-tools-for-stm32.10.3-2021.10.win32_1.0.100.202210260954/tools/bin/../lib/gcc/arm-none-eabi/10.3.1/thumb/v7e-m+fp/hard/crti.o
LOAD c:/st/stm32cubeide_1.11.0/stm32cubeide/plugins/com.st.stm32cube.ide.mcu.externaltools.gnu-tools-for-stm32.10.3-2021.10.win32_1.0.100.202210260954/tools/bin/../lib/gcc/arm-none-eabi/10.3.1/thumb/v7e-m+fp/hard/crtbegin.o
LOAD c:/st/stm32cubeide_1.11.0/stm32cubeide/plugins/com.st.stm32cube.ide.mcu.externaltools.gnu-tools-for-stm32.10.3-2021.10.win32_1.0.100.202210260954/tools/bin/../lib/gcc/arm-none-eabi/10.3.1/../../../../arm-none-eabi/lib/thumb/v7e-m+fp/hard/crt0.o
LOAD ./Application/Startup/startup_stm32f401retx.o
LOAD ./Application/User/app_bootloader.o
LOAD ./Application/User/main.o
LOAD ./Application/User/stm32f4xx_hal_msp.o
LOAD ./Application/User/stm32f4xx_it.o
LOAD ./Application/User/stm32f4xx_nucleo.o
LOAD ./Application/User/syscalls.o
LOAD ./Application/User/sysmem.o
LOAD ./Drivers/CMSIS/system_stm32f4xx.o
LOAD ./Drivers/STM32F4xx_HAL_Driver/stm32f4xx_hal.o
LOAD ./Drivers/STM32F4xx_HAL_Driver/stm32f4xx_hal_cortex.o
LOAD ./Drivers/STM32F4xx_HAL_Driver/stm32f4xx_hal_dma.o
LOAD ./Drivers/STM32F4xx_HAL_Driver/stm32f4xx_hal_dma_ex.o
LOAD ./Drivers/STM32F4xx_HAL_Driver/stm32f4xx_hal_exti.o
LOAD ./Drivers/STM32F4xx_HAL_Driver/stm32f4xx_hal_flash.o
LOAD ./Drivers/STM32F4xx_HAL_Driver/stm32f4xx_hal_flash_ex.o
LOAD ./Drivers/STM32F4xx_HAL_Driver/stm32f4xx_hal_flash_ramfunc.o
LOAD ./Drivers/STM32F4xx_HAL_Driver/stm32f4xx_hal_gpio.o
LOAD ./Drivers/STM32F4xx_HAL_Driver/stm32f4xx_hal_pwr.o
LOAD ./Drivers/STM32F4xx_HAL_Driver/stm32f4xx_hal_pwr_ex.o
LOAD ./Drivers/STM32F4xx_HAL_Driver/stm32f4xx_hal_rcc.o
LOAD ./Drivers/STM32F4xx_HAL_Driver/stm32f4xx_hal_rcc_ex.o
LOAD ./Drivers/STM32F4xx_HAL_Driver/stm32f4xx_hal_tim.o
LOAD ./Drivers/STM32F4xx_HAL_Driver/stm32f4xx_hal_tim_ex.o
LOAD ./Drivers/STM32F4xx_HAL_Driver/stm32f4xx_hal_uart.o
START GROUP
LOAD c:/st/stm32cubeide_1.11.0/stm32cubeide/plugins/com.st.stm32cube.ide.mcu.externaltools.gnu-tools-for-stm32.10.3-2021.10.win32_1.0.100.202210260954/tools/bin/../lib/gcc/arm-none-eabi/10.3.1/../../../../arm-none-eabi/lib/thumb/v7e-m+fp/hard\libc_nano.a
LOAD c:/st/stm32cubeide_1.11.0/stm32cubeide/plugins/com.st.stm32cube.ide.mcu.externaltools.gnu-tools-for-stm32.10.3-2021.10.win32_1.0.100.202210260954/tools/bin/../lib/gcc/arm-none-eabi/10.3.1/../../../../arm-none-eabi/lib/thumb/v7e-m+fp/hard\libm.a
END GROUP
START GROUP
LOAD c:/st/stm32cubeide_1.11.0/stm32cubeide/plugins/com.st.stm32cube.ide.mcu.externaltools.gnu-tools-for-stm32.10.3-2021.10.win32_1.0.100.202210260954/tools/bin/../lib/gcc/arm-none-eabi/10.3.1/thumb/v7e-m+fp/hard\libgcc.a
LOAD c:/st/stm32cubeide_1.11.0/stm32cubeide/plugins/com.st.stm32cube.ide.mcu.externaltools.gnu-tools-for-stm32.10.3-2021.10.win32_1.0.100.202210260954/tools/bin/../lib/gcc/arm-none-eabi/10.3.1/../../../../arm-none-eabi/lib/thumb/v7e-m+fp/hard\libc_nano.a
END GROUP
START GROUP
LOAD c:/st/stm32cubeide_1.11.0/stm32cubeide/plugins/com.st.stm32cube.ide.mcu.externaltools.gnu-tools-for-stm32.10.3-2021.10.win32_1.0.100.202210260954/tools/bin/../lib/gcc/arm-none-eabi/10.3.1/thumb/v7e-m+fp/hard\libgcc.a
LOAD c:/st/stm32cubeide_1.11.0/stm32cubeide/plugins/com.st.stm32cube.ide.mcu.externaltools.gnu-tools-for-stm32.10.3-2021.10.win32_1.0.100.202210260954/tools/bin/../lib/gcc/arm-none-eabi/10.3.1/../../../../arm-none-eabi/lib/thumb/v7e-m+fp/hard\libc_nano.a
LOAD c:/st/stm32cubeide_1.11.0/stm32cubeide/plugins/com.st.stm32cube.ide.mcu.externaltools.gnu-tools-for-stm32.10.3-2021.10.win32_1.0.100.202210260954/tools/bin/../lib/gcc/arm-none-eabi/10.3.1/../../../../arm-none-eabi/lib/thumb/v7e-m+fp/hard\libnosys.a
END GROUP
START GROUP
LOAD c:/st/stm32cubeide_1.11.0/stm32cubeide/plugins/com.st.stm32cube.ide.mcu.externaltools.gnu-tools-for-stm32.10.3-2021.10.win32_1.0.100.202210260954/tools/bin/../lib/gcc/arm-none-eabi/10.3.1/thumb/v7e-m+fp/hard\libgcc.a
LOAD c:/st/stm32cubeide_1.11.0/stm32cubeide/plugins/com.st.stm32cube.ide.mcu.externaltools.gnu-tools-for-stm32.10.3-2021.10.win32_1.0.100.202210260954/tools/bin/../lib/gcc/arm-none-eabi/10.3.1/../../../../arm-none-eabi/lib/thumb/v7e-m+fp/hard\libc_nano.a
LOAD c:/st/stm32cubeide_1.11.0/stm32cubeide/plugins/com.st.stm32cube.ide.mcu.externaltools.gnu-tools-for-stm32.10.3-2021.10.win32_1.0.100.202210260954/tools/bin/../lib/gcc/arm-none-eabi/10.3.1/../../../../arm-none-eabi/lib/thumb/v7e-m+fp/hard\libnosys.a
END GROUP
LOAD c:/st/stm32cubeide_1.11.0/stm32cubeide/plugins/com.st.stm32cube.ide.mcu.externaltools.gnu-tools-for-stm32.10.3-2021.10.win32_1.0.100.202210260954/tools/bin/../lib/gcc/arm-none-eabi/10.3.1/thumb/v7e-m+fp/hard/crtend.o
LOAD c:/st/stm32cubeide_1.11.0/stm32cubeide/plugins/com.st.stm32cube.ide.mcu.externaltools.gnu-tools-for-stm32.10.3-2021.10.win32_1.0.100.202210260954/tools/bin/../lib/gcc/arm-none-eabi/10.3.1/thumb/v7e-m+fp/hard/crtn.o
                0x0000000020018000                _estack = (ORIGIN (RAM) + LENGTH (RAM))
                0x0000000000000200                _Min_Heap_Size = 0x200
                0x0000000000000400                _Min_Stack_Size = 0x400

.isr_vector     0x0000000008000000      0x194
                0x0000000008000000                . = ALIGN (0x4)
 *(.isr_vector)
 .isr_vector    0x0000000008000000      0x194 ./Application/Startup/startup_stm32f401retx.o
                0x0000000008000000                g_pfnVectors
                0x0000000008000194                . = ALIGN (0x4)

.text           0x0000000008000194     0x186c
                0x0000000008000194                . = ALIGN (0x4)
 *(.text)
 .text          0x0000000008000194       0x40 c:/st/stm32cubeide_1.11.0/stm32cubeide/plugins/com.st.stm32cube.ide.mcu.externaltools.gnu-tools-for-stm32.10.3-2021.10.win32_1.0.100.202210260954/tools/bin/../lib/gcc/arm-none-eabi/10.3.1/thumb/v7e-m+fp/hard/crtbegin.o
 .text          0x00000000080001d4       0x30 c:/st/stm32cubeide_1.11.0/stm32cubeide/plugins/com.st.stm32cube.ide.mcu.externaltools.gnu-tools-for-stm32.10.3-2021.10.win32_1.0.100.202210260954/tools/bin/../lib/gcc/arm-none-eabi/10.3.1/thumb/v7e-m+fp/hard\libgcc.a(_aeabi_uldivmod.o)
                0x00000000080001d4                __aeabi_uldivmod
 .text          0x0000000008000204      0x2d0 c:/st/stm32cubeide_1.11.0/stm32cubeide/plugins/com.st.stm32cube.ide.mcu.externaltools.gnu-tools-for-stm32.10.3-2021.10.win32_1.0.100.202210260954/tools/bin/../lib/gcc/arm-none-eabi/10.3.1/thumb/v7e-m+fp/hard\libgcc.a(_udivmoddi4.o)
                0x0000000008000204                __udivmoddi4
 .text          0x00000000080004d4        0x4 c:/st/stm32cubeide_1.11.0/stm32cubeide/plugins/com.st.stm32cube.ide.mcu.externaltools.gnu-tools-for-stm32.10.3-2021.10.win32_1.0.100.202210260954/tools/bin/../lib/gcc/arm-none-eabi/10.3.1/thumb/v7e-m+fp/hard\libgcc.a(_dvmd_tls.o)
                0x00000000080004d4                __aeabi_idiv0
                0x00000000080004d4                __aeabi_ldiv0
 *(.text*)
 .text.Reset_Handler
                0x00000000080004d8       0x50 ./Application/Startup/startup_stm32f401retx.o
                0x00000000080004d8                Reset_Handler
 .text.Default_Handler
                0x0000000008000528        0x2 ./Application/Startup/startup_stm32f401retx.o
                0x0000000008000528                RTC_Alarm_IRQHandler
                0x0000000008000528                EXTI2_IRQHandler
                0x0000000008000528                SPI4_IRQHandler
                0x0000000008000528                TIM1_CC_IRQHandler
                0x0000000008000528                DMA2_Stream5_IRQHandler
                0x0000000008000528                DMA1_Stream5_IRQHandler
                0x0000000008000528                PVD_IRQHandler
                0x0000000008000528                SDIO_IRQHandler
                0x0000000008000528                TAMP_STAMP_IRQHandler
                0x0000000008000528                EXTI3_IRQHandler
                0x0000000008000528                TIM1_UP_TIM10_IRQHandler
                0x0000000008000528                I2C3_ER_IRQHandler
                0x0000000008000528                EXTI0_IRQHandler
                0x0000000008000528                I2C2_EV_IRQHandler
                0x0000000008000528                DMA1_Stream2_IRQHandler
                0x0000000008000528                FPU_IRQHandler
                0x0000000008000528                DMA2_Stream2_IRQHandler
                0x0000000008000528                SPI1_IRQHandler
                0x0000000008000528                TIM1_BRK_TIM9_IRQHandler
                0x0000000008000528                DMA2_Stream3_IRQHandler
                0x0000000008000528                USART6_IRQHandler
                0x0000000008000528                DMA2_Stream0_IRQHandler
                0x0000000008000528                TIM4_IRQHandler
                0x0000000008000528                I2C1_EV_IRQHandler
                0x0000000008000528                DMA1_Stream6_IRQHandler
                0x0000000008000528                DMA1_Stream1_IRQHandler
                0x0000000008000528                TIM3_IRQHandler
                0x0000000008000528                RCC_IRQHandler
                0x0000000008000528                Default_Handler
                0x0000000008000528                EXTI15_10_IRQHandler
                0x0000000008000528                ADC_IRQHandler
                0x0000000008000528                DMA1_Stream7_IRQHandler
                0x0000000008000528                TIM5_IRQHandler
                0x0000000008000528                DMA2_Stream7_IRQHandler
                0x0000000008000528                I2C3_EV_IRQHandler
                0x0000000008000528                EXTI9_5_IRQHandler
                0x0000000008000528                RTC_WKUP_IRQHandler
                0x0000000008000528                SPI2_IRQHandler
                0x0000000008000528                DMA1_Stream0_IRQHandler
                0x0000000008000528                EXTI4_IRQHandler
                0x0000000008000528                WWDG_IRQHandler
                0x0000000008000528                TIM2_IRQHandler
                0x0000000008000528                OTG_FS_WKUP_IRQHandler
                0x0000000008000528                TIM1_TRG_COM_TIM11_IRQHandler
                0x0000000008000528                EXTI1_IRQHandler
                0x0000000008000528                USART2_IRQHandler
                0x0000000008000528                I2C2_ER_IRQHandler
                0x0000000008000528                DMA2_Stream1_IRQHandler
                0x0000000008000528                FLASH_IRQHandler
                0x0000000008000528                DMA2_Stream4_IRQHandler
                0x0000000008000528                USART1_IRQHandler
                0x0000000008000528                OTG_FS_IRQHandler
                0x0000000008000528                SPI3_IRQHandler
                0x0000000008000528                DMA1_Stream4_IRQHandler
                0x0000000008000528                I2C1_ER_IRQHandler
                0x0000000008000528                DMA2_Stream6_IRQHandler
                0x0000000008000528                DMA1_Stream3_IRQHandler
 .text.MX_BootLoader_Init
                0x000000000800052a        0xc ./Application/User/app_bootloader.o
                0x000000000800052a                MX_BootLoader_Init
 .text.MX_BootLoader_Process
                0x0000000008000536        0xe ./Application/User/app_bootloader.o
                0x0000000008000536                MX_BootLoader_Process
 .text.BootLoader
                0x0000000008000544      0x110 ./Application/User/app_bootloader.o
 .text.main     0x0000000008000654       0x12 ./Application/User/main.o
                0x0000000008000654                main
 *fill*         0x0000000008000666        0x2 
 .text.SystemClock_Config
                0x0000000008000668       0xd8 ./Application/User/main.o
                0x0000000008000668                SystemClock_Config
 .text.Error_Handler
                0x0000000008000740        0xa ./Application/User/main.o
                0x0000000008000740                Error_Handler
 *fill*         0x000000000800074a        0x2 
 .text.HAL_MspInit
                0x000000000800074c       0x50 ./Application/User/stm32f4xx_hal_msp.o
                0x000000000800074c                HAL_MspInit
 .text.NMI_Handler
                0x000000000800079c        0x6 ./Application/User/stm32f4xx_it.o
                0x000000000800079c                NMI_Handler
 .text.HardFault_Handler
                0x00000000080007a2        0x6 ./Application/User/stm32f4xx_it.o
                0x00000000080007a2                HardFault_Handler
 .text.MemManage_Handler
                0x00000000080007a8        0x6 ./Application/User/stm32f4xx_it.o
                0x00000000080007a8                MemManage_Handler
 .text.BusFault_Handler
                0x00000000080007ae        0x6 ./Application/User/stm32f4xx_it.o
                0x00000000080007ae                BusFault_Handler
 .text.UsageFault_Handler
                0x00000000080007b4        0x6 ./Application/User/stm32f4xx_it.o
                0x00000000080007b4                UsageFault_Handler
 .text.SVC_Handler
                0x00000000080007ba        0xe ./Application/User/stm32f4xx_it.o
                0x00000000080007ba                SVC_Handler
 .text.DebugMon_Handler
                0x00000000080007c8        0xe ./Application/User/stm32f4xx_it.o
                0x00000000080007c8                DebugMon_Handler
 .text.PendSV_Handler
                0x00000000080007d6        0xe ./Application/User/stm32f4xx_it.o
                0x00000000080007d6                PendSV_Handler
 .text.SysTick_Handler
                0x00000000080007e4        0xc ./Application/User/stm32f4xx_it.o
                0x00000000080007e4                SysTick_Handler
 .text.SystemInit
                0x00000000080007f0       0x24 ./Drivers/CMSIS/system_stm32f4xx.o
                0x00000000080007f0                SystemInit
 .text.HAL_Init
                0x0000000008000814       0x44 ./Drivers/STM32F4xx_HAL_Driver/stm32f4xx_hal.o
                0x0000000008000814                HAL_Init
 .text.HAL_InitTick
                0x0000000008000858       0x60 ./Drivers/STM32F4xx_HAL_Driver/stm32f4xx_hal.o
                0x0000000008000858                HAL_InitTick
 .text.HAL_IncTick
                0x00000000080008b8       0x28 ./Drivers/STM32F4xx_HAL_Driver/stm32f4xx_hal.o
                0x00000000080008b8                HAL_IncTick
 .text.HAL_GetTick
                0x00000000080008e0       0x18 ./Drivers/STM32F4xx_HAL_Driver/stm32f4xx_hal.o
                0x00000000080008e0                HAL_GetTick
 .text.__NVIC_SetPriorityGrouping
                0x00000000080008f8       0x48 ./Drivers/STM32F4xx_HAL_Driver/stm32f4xx_hal_cortex.o
 .text.__NVIC_GetPriorityGrouping
                0x0000000008000940       0x1c ./Drivers/STM32F4xx_HAL_Driver/stm32f4xx_hal_cortex.o
 .text.__NVIC_SetPriority
                0x000000000800095c       0x54 ./Drivers/STM32F4xx_HAL_Driver/stm32f4xx_hal_cortex.o
 .text.NVIC_EncodePriority
                0x00000000080009b0       0x66 ./Drivers/STM32F4xx_HAL_Driver/stm32f4xx_hal_cortex.o
 *fill*         0x0000000008000a16        0x2 
 .text.__NVIC_SystemReset
                0x0000000008000a18       0x2c ./Drivers/STM32F4xx_HAL_Driver/stm32f4xx_hal_cortex.o
 .text.SysTick_Config
                0x0000000008000a44       0x44 ./Drivers/STM32F4xx_HAL_Driver/stm32f4xx_hal_cortex.o
 .text.HAL_NVIC_SetPriorityGrouping
                0x0000000008000a88       0x16 ./Drivers/STM32F4xx_HAL_Driver/stm32f4xx_hal_cortex.o
                0x0000000008000a88                HAL_NVIC_SetPriorityGrouping
 .text.HAL_NVIC_SetPriority
                0x0000000008000a9e       0x38 ./Drivers/STM32F4xx_HAL_Driver/stm32f4xx_hal_cortex.o
                0x0000000008000a9e                HAL_NVIC_SetPriority
 .text.HAL_NVIC_SystemReset
                0x0000000008000ad6        0x8 ./Drivers/STM32F4xx_HAL_Driver/stm32f4xx_hal_cortex.o
                0x0000000008000ad6                HAL_NVIC_SystemReset
 .text.HAL_SYSTICK_Config
                0x0000000008000ade       0x18 ./Drivers/STM32F4xx_HAL_Driver/stm32f4xx_hal_cortex.o
                0x0000000008000ade                HAL_SYSTICK_Config
 *fill*         0x0000000008000af6        0x2 
 .text.HAL_FLASH_Program
                0x0000000008000af8       0xa8 ./Drivers/STM32F4xx_HAL_Driver/stm32f4xx_hal_flash.o
                0x0000000008000af8                HAL_FLASH_Program
 .text.HAL_FLASH_Unlock
                0x0000000008000ba0       0x44 ./Drivers/STM32F4xx_HAL_Driver/stm32f4xx_hal_flash.o
                0x0000000008000ba0                HAL_FLASH_Unlock
 .text.HAL_FLASH_Lock
                0x0000000008000be4       0x20 ./Drivers/STM32F4xx_HAL_Driver/stm32f4xx_hal_flash.o
                0x0000000008000be4                HAL_FLASH_Lock
 .text.FLASH_WaitForLastOperation
                0x0000000008000c04       0x80 ./Drivers/STM32F4xx_HAL_Driver/stm32f4xx_hal_flash.o
                0x0000000008000c04                FLASH_WaitForLastOperation
 .text.FLASH_Program_DoubleWord
                0x0000000008000c84       0x64 ./Drivers/STM32F4xx_HAL_Driver/stm32f4xx_hal_flash.o
 .text.FLASH_Program_Word
                0x0000000008000ce8       0x44 ./Drivers/STM32F4xx_HAL_Driver/stm32f4xx_hal_flash.o
 .text.FLASH_Program_HalfWord
                0x0000000008000d2c       0x48 ./Drivers/STM32F4xx_HAL_Driver/stm32f4xx_hal_flash.o
 .text.FLASH_Program_Byte
                0x0000000008000d74       0x44 ./Drivers/STM32F4xx_HAL_Driver/stm32f4xx_hal_flash.o
 .text.FLASH_SetErrorCode
                0x0000000008000db8       0xcc ./Drivers/STM32F4xx_HAL_Driver/stm32f4xx_hal_flash.o
 .text.HAL_FLASHEx_Erase
                0x0000000008000e84       0xe0 ./Drivers/STM32F4xx_HAL_Driver/stm32f4xx_hal_flash_ex.o
                0x0000000008000e84                HAL_FLASHEx_Erase
 .text.FLASH_MassErase
                0x0000000008000f64       0x48 ./Drivers/STM32F4xx_HAL_Driver/stm32f4xx_hal_flash_ex.o
 .text.FLASH_Erase_Sector
                0x0000000008000fac       0x90 ./Drivers/STM32F4xx_HAL_Driver/stm32f4xx_hal_flash_ex.o
                0x0000000008000fac                FLASH_Erase_Sector
 .text.FLASH_FlushCaches
                0x000000000800103c       0x8c ./Drivers/STM32F4xx_HAL_Driver/stm32f4xx_hal_flash_ex.o
                0x000000000800103c                FLASH_FlushCaches
 .text.HAL_RCC_OscConfig
                0x00000000080010c8      0x4f0 ./Drivers/STM32F4xx_HAL_Driver/stm32f4xx_hal_rcc.o
                0x00000000080010c8                HAL_RCC_OscConfig
 .text.HAL_RCC_ClockConfig
                0x00000000080015b8      0x1cc ./Drivers/STM32F4xx_HAL_Driver/stm32f4xx_hal_rcc.o
                0x00000000080015b8                HAL_RCC_ClockConfig
 .text.HAL_RCC_GetSysClockFreq
                0x0000000008001784      0x20c ./Drivers/STM32F4xx_HAL_Driver/stm32f4xx_hal_rcc.o
                0x0000000008001784                HAL_RCC_GetSysClockFreq
 .text.__libc_init_array
                0x0000000008001990       0x48 c:/st/stm32cubeide_1.11.0/stm32cubeide/plugins/com.st.stm32cube.ide.mcu.externaltools.gnu-tools-for-stm32.10.3-2021.10.win32_1.0.100.202210260954/tools/bin/../lib/gcc/arm-none-eabi/10.3.1/../../../../arm-none-eabi/lib/thumb/v7e-m+fp/hard\libc_nano.a(lib_a-init.o)
                0x0000000008001990                __libc_init_array
 .text.memset   0x00000000080019d8       0x10 c:/st/stm32cubeide_1.11.0/stm32cubeide/plugins/com.st.stm32cube.ide.mcu.externaltools.gnu-tools-for-stm32.10.3-2021.10.win32_1.0.100.202210260954/tools/bin/../lib/gcc/arm-none-eabi/10.3.1/../../../../arm-none-eabi/lib/thumb/v7e-m+fp/hard\libc_nano.a(lib_a-memset.o)
                0x00000000080019d8                memset
 *(.glue_7)
 .glue_7        0x00000000080019e8        0x0 linker stubs
 *(.glue_7t)
 .glue_7t       0x00000000080019e8        0x0 linker stubs
 *(.eh_frame)
 .eh_frame      0x00000000080019e8        0x0 c:/st/stm32cubeide_1.11.0/stm32cubeide/plugins/com.st.stm32cube.ide.mcu.externaltools.gnu-tools-for-stm32.10.3-2021.10.win32_1.0.100.202210260954/tools/bin/../lib/gcc/arm-none-eabi/10.3.1/thumb/v7e-m+fp/hard/crtbegin.o
 *(.init)
 .init          0x00000000080019e8        0x4 c:/st/stm32cubeide_1.11.0/stm32cubeide/plugins/com.st.stm32cube.ide.mcu.externaltools.gnu-tools-for-stm32.10.3-2021.10.win32_1.0.100.202210260954/tools/bin/../lib/gcc/arm-none-eabi/10.3.1/thumb/v7e-m+fp/hard/crti.o
                0x00000000080019e8                _init
 .init          0x00000000080019ec        0x8 c:/st/stm32cubeide_1.11.0/stm32cubeide/plugins/com.st.stm32cube.ide.mcu.externaltools.gnu-tools-for-stm32.10.3-2021.10.win32_1.0.100.202210260954/tools/bin/../lib/gcc/arm-none-eabi/10.3.1/thumb/v7e-m+fp/hard/crtn.o
 *(.fini)
 .fini          0x00000000080019f4        0x4 c:/st/stm32cubeide_1.11.0/stm32cubeide/plugins/com.st.stm32cube.ide.mcu.externaltools.gnu-tools-for-stm32.10.3-2021.10.win32_1.0.100.202210260954/tools/bin/../lib/gcc/arm-none-eabi/10.3.1/thumb/v7e-m+fp/hard/crti.o
                0x00000000080019f4                _fini
 .fini          0x00000000080019f8        0x8 c:/st/stm32cubeide_1.11.0/stm32cubeide/plugins/com.st.stm32cube.ide.mcu.externaltools.gnu-tools-for-stm32.10.3-2021.10.win32_1.0.100.202210260954/tools/bin/../lib/gcc/arm-none-eabi/10.3.1/thumb/v7e-m+fp/hard/crtn.o
                0x0000000008001a00                . = ALIGN (0x4)
                0x0000000008001a00                _etext = .

.vfp11_veneer   0x0000000008001a00        0x0
 .vfp11_veneer  0x0000000008001a00        0x0 linker stubs

.v4_bx          0x0000000008001a00        0x0
 .v4_bx         0x0000000008001a00        0x0 linker stubs

.iplt           0x0000000008001a00        0x0
 .iplt          0x0000000008001a00        0x0 c:/st/stm32cubeide_1.11.0/stm32cubeide/plugins/com.st.stm32cube.ide.mcu.externaltools.gnu-tools-for-stm32.10.3-2021.10.win32_1.0.100.202210260954/tools/bin/../lib/gcc/arm-none-eabi/10.3.1/thumb/v7e-m+fp/hard/crtbegin.o

.rodata         0x0000000008001a00       0x10
                0x0000000008001a00                . = ALIGN (0x4)
 *(.rodata)
 *(.rodata*)
 .rodata.AHBPrescTable
                0x0000000008001a00       0x10 ./Drivers/CMSIS/system_stm32f4xx.o
                0x0000000008001a00                AHBPrescTable
                0x0000000008001a10                . = ALIGN (0x4)

.ARM.extab      0x0000000008001a10        0x0
                0x0000000008001a10                . = ALIGN (0x4)
 *(.ARM.extab* .gnu.linkonce.armextab.*)
                0x0000000008001a10                . = ALIGN (0x4)

.ARM            0x0000000008001a10        0x8
                0x0000000008001a10                . = ALIGN (0x4)
                0x0000000008001a10                __exidx_start = .
 *(.ARM.exidx*)
 .ARM.exidx     0x0000000008001a10        0x8 c:/st/stm32cubeide_1.11.0/stm32cubeide/plugins/com.st.stm32cube.ide.mcu.externaltools.gnu-tools-for-stm32.10.3-2021.10.win32_1.0.100.202210260954/tools/bin/../lib/gcc/arm-none-eabi/10.3.1/thumb/v7e-m+fp/hard\libgcc.a(_udivmoddi4.o)
                0x0000000008001a18                __exidx_end = .
                0x0000000008001a18                . = ALIGN (0x4)

.preinit_array  0x0000000008001a18        0x0
                0x0000000008001a18                . = ALIGN (0x4)
                0x0000000008001a18                PROVIDE (__preinit_array_start = .)
 *(.preinit_array*)
                0x0000000008001a18                PROVIDE (__preinit_array_end = .)
                0x0000000008001a18                . = ALIGN (0x4)

.init_array     0x0000000008001a18        0x4
                0x0000000008001a18                . = ALIGN (0x4)
                0x0000000008001a18                PROVIDE (__init_array_start = .)
 *(SORT_BY_NAME(.init_array.*))
 *(.init_array*)
 .init_array    0x0000000008001a18        0x4 c:/st/stm32cubeide_1.11.0/stm32cubeide/plugins/com.st.stm32cube.ide.mcu.externaltools.gnu-tools-for-stm32.10.3-2021.10.win32_1.0.100.202210260954/tools/bin/../lib/gcc/arm-none-eabi/10.3.1/thumb/v7e-m+fp/hard/crtbegin.o
                0x0000000008001a1c                PROVIDE (__init_array_end = .)
                0x0000000008001a1c                . = ALIGN (0x4)

.fini_array     0x0000000008001a1c        0x4
                0x0000000008001a1c                . = ALIGN (0x4)
                [!provide]                        PROVIDE (__fini_array_start = .)
 *(SORT_BY_NAME(.fini_array.*))
 *(.fini_array*)
 .fini_array    0x0000000008001a1c        0x4 c:/st/stm32cubeide_1.11.0/stm32cubeide/plugins/com.st.stm32cube.ide.mcu.externaltools.gnu-tools-for-stm32.10.3-2021.10.win32_1.0.100.202210260954/tools/bin/../lib/gcc/arm-none-eabi/10.3.1/thumb/v7e-m+fp/hard/crtbegin.o
                [!provide]                        PROVIDE (__fini_array_end = .)
                0x0000000008001a20                . = ALIGN (0x4)

.bootinfo       0x0000000008003f00       0x20
 *(.bootinfo)
 .bootinfo      0x0000000008003f00       0x20 ./Application/User/app_bootloader.o
                0x0000000008003f00                BootLoaderFeatures
                0x0000000008003f20                _sidata = LOADADDR (.data)

.rel.dyn        0x0000000008003f20        0x0
 .rel.iplt      0x0000000008003f20        0x0 c:/st/stm32cubeide_1.11.0/stm32cubeide/plugins/com.st.stm32cube.ide.mcu.externaltools.gnu-tools-for-stm32.10.3-2021.10.win32_1.0.100.202210260954/tools/bin/../lib/gcc/arm-none-eabi/10.3.1/thumb/v7e-m+fp/hard/crtbegin.o

.data           0x0000000020000000        0xc load address 0x0000000008003f20
                0x0000000020000000                . = ALIGN (0x4)
                0x0000000020000000                _sdata = .
 *(.data)
 *(.data*)
 .data.SystemCoreClock
                0x0000000020000000        0x4 ./Drivers/CMSIS/system_stm32f4xx.o
                0x0000000020000000                SystemCoreClock
 .data.uwTickPrio
                0x0000000020000004        0x4 ./Drivers/STM32F4xx_HAL_Driver/stm32f4xx_hal.o
                0x0000000020000004                uwTickPrio
 .data.uwTickFreq
                0x0000000020000008        0x1 ./Drivers/STM32F4xx_HAL_Driver/stm32f4xx_hal.o
                0x0000000020000008                uwTickFreq
 *(.RamFunc)
 *(.RamFunc*)
                0x000000002000000c                . = ALIGN (0x4)
 *fill*         0x0000000020000009        0x3 
                0x000000002000000c                _edata = .

.igot.plt       0x000000002000000c        0x0 load address 0x0000000008003f2c
 .igot.plt      0x000000002000000c        0x0 c:/st/stm32cubeide_1.11.0/stm32cubeide/plugins/com.st.stm32cube.ide.mcu.externaltools.gnu-tools-for-stm32.10.3-2021.10.win32_1.0.100.202210260954/tools/bin/../lib/gcc/arm-none-eabi/10.3.1/thumb/v7e-m+fp/hard/crtbegin.o
                0x000000002000000c                . = ALIGN (0x4)

.bss            0x000000002000000c       0x40 load address 0x0000000008003f2c
                0x000000002000000c                _sbss = .
                0x000000002000000c                __bss_start__ = _sbss
 *(.bss)
 .bss           0x000000002000000c       0x1c c:/st/stm32cubeide_1.11.0/stm32cubeide/plugins/com.st.stm32cube.ide.mcu.externaltools.gnu-tools-for-stm32.10.3-2021.10.win32_1.0.100.202210260954/tools/bin/../lib/gcc/arm-none-eabi/10.3.1/thumb/v7e-m+fp/hard/crtbegin.o
 *(.bss*)
 .bss.uwTick    0x0000000020000028        0x4 ./Drivers/STM32F4xx_HAL_Driver/stm32f4xx_hal.o
                0x0000000020000028                uwTick
 .bss.pFlash    0x000000002000002c       0x20 ./Drivers/STM32F4xx_HAL_Driver/stm32f4xx_hal_flash.o
                0x000000002000002c                pFlash
 *(COMMON)
                0x000000002000004c                . = ALIGN (0x4)
                0x000000002000004c                _ebss = .
                0x000000002000004c                __bss_end__ = _ebss

._user_heap_stack
                0x000000002000004c      0x604 load address 0x0000000008003f2c
                0x0000000020000050                . = ALIGN (0x8)
 *fill*         0x000000002000004c        0x4 
                [!provide]                        PROVIDE (end = .)
                0x0000000020000050                PROVIDE (_end = .)
                0x0000000020000250                . = (. + _Min_Heap_Size)
 *fill*         0x0000000020000050      0x200 
                0x0000000020000650                . = (. + _Min_Stack_Size)
 *fill*         0x0000000020000250      0x400 
                0x0000000020000650                . = ALIGN (0x8)

/DISCARD/
 libc.a(*)
 libm.a(*)
 libgcc.a(*)

.ARM.attributes
                0x0000000000000000       0x30
 *(.ARM.attributes)
 .ARM.attributes
                0x0000000000000000       0x1e c:/st/stm32cubeide_1.11.0/stm32cubeide/plugins/com.st.stm32cube.ide.mcu.externaltools.gnu-tools-for-stm32.10.3-2021.10.win32_1.0.100.202210260954/tools/bin/../lib/gcc/arm-none-eabi/10.3.1/thumb/v7e-m+fp/hard/crti.o
 .ARM.attributes
                0x000000000000001e       0x34 c:/st/stm32cubeide_1.11.0/stm32cubeide/plugins/com.st.stm32cube.ide.mcu.externaltools.gnu-tools-for-stm32.10.3-2021.10.win32_1.0.100.202210260954/tools/bin/../lib/gcc/arm-none-eabi/10.3.1/thumb/v7e-m+fp/hard/crtbegin.o
 .ARM.attributes
                0x0000000000000052       0x21 ./Application/Startup/startup_stm32f401retx.o
 .ARM.attributes
                0x0000000000000073       0x34 ./Application/User/app_bootloader.o
 .ARM.attributes
                0x00000000000000a7       0x34 ./Application/User/main.o
 .ARM.attributes
                0x00000000000000db       0x34 ./Application/User/stm32f4xx_hal_msp.o
 .ARM.attributes
                0x000000000000010f       0x34 ./Application/User/stm32f4xx_it.o
 .ARM.attributes
                0x0000000000000143       0x34 ./Drivers/CMSIS/system_stm32f4xx.o
 .ARM.attributes
                0x0000000000000177       0x34 ./Drivers/STM32F4xx_HAL_Driver/stm32f4xx_hal.o
 .ARM.attributes
                0x00000000000001ab       0x34 ./Drivers/STM32F4xx_HAL_Driver/stm32f4xx_hal_cortex.o
 .ARM.attributes
                0x00000000000001df       0x34 ./Drivers/STM32F4xx_HAL_Driver/stm32f4xx_hal_flash.o
 .ARM.attributes
                0x0000000000000213       0x34 ./Drivers/STM32F4xx_HAL_Driver/stm32f4xx_hal_flash_ex.o
 .ARM.attributes
                0x0000000000000247       0x34 ./Drivers/STM32F4xx_HAL_Driver/stm32f4xx_hal_rcc.o
 .ARM.attributes
                0x000000000000027b       0x34 c:/st/stm32cubeide_1.11.0/stm32cubeide/plugins/com.st.stm32cube.ide.mcu.externaltools.gnu-tools-for-stm32.10.3-2021.10.win32_1.0.100.202210260954/tools/bin/../lib/gcc/arm-none-eabi/10.3.1/../../../../arm-none-eabi/lib/thumb/v7e-m+fp/hard\libc_nano.a(lib_a-init.o)
 .ARM.attributes
                0x00000000000002af       0x34 c:/st/stm32cubeide_1.11.0/stm32cubeide/plugins/com.st.stm32cube.ide.mcu.externaltools.gnu-tools-for-stm32.10.3-2021.10.win32_1.0.100.202210260954/tools/bin/../lib/gcc/arm-none-eabi/10.3.1/../../../../arm-none-eabi/lib/thumb/v7e-m+fp/hard\libc_nano.a(lib_a-memset.o)
 .ARM.attributes
                0x00000000000002e3       0x1e c:/st/stm32cubeide_1.11.0/stm32cubeide/plugins/com.st.stm32cube.ide.mcu.externaltools.gnu-tools-for-stm32.10.3-2021.10.win32_1.0.100.202210260954/tools/bin/../lib/gcc/arm-none-eabi/10.3.1/thumb/v7e-m+fp/hard\libgcc.a(_aeabi_uldivmod.o)
 .ARM.attributes
                0x0000000000000301       0x34 c:/st/stm32cubeide_1.11.0/stm32cubeide/plugins/com.st.stm32cube.ide.mcu.externaltools.gnu-tools-for-stm32.10.3-2021.10.win32_1.0.100.202210260954/tools/bin/../lib/gcc/arm-none-eabi/10.3.1/thumb/v7e-m+fp/hard\libgcc.a(_udivmoddi4.o)
 .ARM.attributes
                0x0000000000000335       0x1e c:/st/stm32cubeide_1.11.0/stm32cubeide/plugins/com.st.stm32cube.ide.mcu.externaltools.gnu-tools-for-stm32.10.3-2021.10.win32_1.0.100.202210260954/tools/bin/../lib/gcc/arm-none-eabi/10.3.1/thumb/v7e-m+fp/hard\libgcc.a(_dvmd_tls.o)
 .ARM.attributes
                0x0000000000000353       0x1e c:/st/stm32cubeide_1.11.0/stm32cubeide/plugins/com.st.stm32cube.ide.mcu.externaltools.gnu-tools-for-stm32.10.3-2021.10.win32_1.0.100.202210260954/tools/bin/../lib/gcc/arm-none-eabi/10.3.1/thumb/v7e-m+fp/hard/crtn.o
OUTPUT(BootLoader.elf elf32-littlearm)
LOAD linker stubs
LOAD c:/st/stm32cubeide_1.11.0/stm32cubeide/plugins/com.st.stm32cube.ide.mcu.externaltools.gnu-tools-for-stm32.10.3-2021.10.win32_1.0.100.202210260954/tools/bin/../lib/gcc/arm-none-eabi/10.3.1/../../../../arm-none-eabi/lib/thumb/v7e-m+fp/hard\libc.a
LOAD c:/st/stm32cubeide_1.11.0/stm32cubeide/plugins/com.st.stm32cube.ide.mcu.externaltools.gnu-tools-for-stm32.10.3-2021.10.win32_1.0.100.202210260954/tools/bin/../lib/gcc/arm-none-eabi/10.3.1/../../../../arm-none-eabi/lib/thumb/v7e-m+fp/hard\libm.a
LOAD c:/st/stm32cubeide_1.11.0/stm32cubeide/plugins/com.st.stm32cube.ide.mcu.externaltools.gnu-tools-for-stm32.10.3-2021.10.win32_1.0.100.202210260954/tools/bin/../lib/gcc/arm-none-eabi/10.3.1/thumb/v7e-m+fp/hard\libgcc.a

.debug_line     0x0000000000000000     0x6418
 .debug_line    0x0000000000000000       0x8f ./Application/Startup/startup_stm32f401retx.o
 .debug_line    0x000000000000008f      0xa45 ./Application/User/app_bootloader.o
 .debug_line    0x0000000000000ad4      0x7fc ./Application/User/main.o
 .debug_line    0x00000000000012d0      0x778 ./Application/User/stm32f4xx_hal_msp.o
 .debug_line    0x0000000000001a48      0x83a ./Application/User/stm32f4xx_it.o
 .debug_line    0x0000000000002282      0x7ac ./Drivers/CMSIS/system_stm32f4xx.o
 .debug_line    0x0000000000002a2e      0x9e7 ./Drivers/STM32F4xx_HAL_Driver/stm32f4xx_hal.o
 .debug_line    0x0000000000003415      0xc9c ./Drivers/STM32F4xx_HAL_Driver/stm32f4xx_hal_cortex.o
 .debug_line    0x00000000000040b1      0xa79 ./Drivers/STM32F4xx_HAL_Driver/stm32f4xx_hal_flash.o
 .debug_line    0x0000000000004b2a      0xb8b ./Drivers/STM32F4xx_HAL_Driver/stm32f4xx_hal_flash_ex.o
 .debug_line    0x00000000000056b5      0xd63 ./Drivers/STM32F4xx_HAL_Driver/stm32f4xx_hal_rcc.o

.debug_info     0x0000000000000000     0x409b
 .debug_info    0x0000000000000000       0x22 ./Application/Startup/startup_stm32f401retx.o
 .debug_info    0x0000000000000022      0x3be ./Application/User/app_bootloader.o
 .debug_info    0x00000000000003e0      0x544 ./Application/User/main.o
 .debug_info    0x0000000000000924      0x2e7 ./Application/User/stm32f4xx_hal_msp.o
 .debug_info    0x0000000000000c0b      0x121 ./Application/User/stm32f4xx_it.o
 .debug_info    0x0000000000000d2c      0x54f ./Drivers/CMSIS/system_stm32f4xx.o
 .debug_info    0x000000000000127b      0x906 ./Drivers/STM32F4xx_HAL_Driver/stm32f4xx_hal.o
 .debug_info    0x0000000000001b81      0xd85 ./Drivers/STM32F4xx_HAL_Driver/stm32f4xx_hal_cortex.o
 .debug_info    0x0000000000002906      0x5cc ./Drivers/STM32F4xx_HAL_Driver/stm32f4xx_hal_flash.o
 .debug_info    0x0000000000002ed2      0x83d ./Drivers/STM32F4xx_HAL_Driver/stm32f4xx_hal_flash_ex.o
 .debug_info    0x000000000000370f      0x98c ./Drivers/STM32F4xx_HAL_Driver/stm32f4xx_hal_rcc.o

.debug_abbrev   0x0000000000000000     0x12f7
 .debug_abbrev  0x0000000000000000       0x12 ./Application/Startup/startup_stm32f401retx.o
 .debug_abbrev  0x0000000000000012      0x1e0 ./Application/User/app_bootloader.o
 .debug_abbrev  0x00000000000001f2      0x1cc ./Application/User/main.o
 .debug_abbrev  0x00000000000003be       0xf0 ./Application/User/stm32f4xx_hal_msp.o
 .debug_abbrev  0x00000000000004ae       0x74 ./Application/User/stm32f4xx_it.o
 .debug_abbrev  0x0000000000000522      0x116 ./Drivers/CMSIS/system_stm32f4xx.o
 .debug_abbrev  0x0000000000000638      0x23e ./Drivers/STM32F4xx_HAL_Driver/stm32f4xx_hal.o
 .debug_abbrev  0x0000000000000876      0x316 ./Drivers/STM32F4xx_HAL_Driver/stm32f4xx_hal_cortex.o
 .debug_abbrev  0x0000000000000b8c      0x272 ./Drivers/STM32F4xx_HAL_Driver/stm32f4xx_hal_flash.o
 .debug_abbrev  0x0000000000000dfe      0x24f ./Drivers/STM32F4xx_HAL_Driver/stm32f4xx_hal_flash_ex.o
 .debug_abbrev  0x000000000000104d      0x2aa ./Drivers/STM32F4xx_HAL_Driver/stm32f4xx_hal_rcc.o

.debug_aranges  0x0000000000000000      0x528
 .debug_aranges
                0x0000000000000000       0x28 ./Application/Startup/startup_stm32f401retx.o
 .debug_aranges
                0x0000000000000028       0x30 ./Application/User/app_bootloader.o
 .debug_aranges
                0x0000000000000058       0x30 ./Application/User/main.o
 .debug_aranges
                0x0000000000000088       0x20 ./Application/User/stm32f4xx_hal_msp.o
 .debug_aranges
                0x00000000000000a8       0x60 ./Application/User/stm32f4xx_it.o
 .debug_aranges
                0x0000000000000108       0x28 ./Drivers/CMSIS/system_stm32f4xx.o
 .debug_aranges
                0x0000000000000130       0xf0 ./Drivers/STM32F4xx_HAL_Driver/stm32f4xx_hal.o
 .debug_aranges
                0x0000000000000220      0x118 ./Drivers/STM32F4xx_HAL_Driver/stm32f4xx_hal_cortex.o
 .debug_aranges
                0x0000000000000338       0xa0 ./Drivers/STM32F4xx_HAL_Driver/stm32f4xx_hal_flash.o
 .debug_aranges
                0x00000000000003d8       0xc8 ./Drivers/STM32F4xx_HAL_Driver/stm32f4xx_hal_flash_ex.o
 .debug_aranges
                0x00000000000004a0       0x88 ./Drivers/STM32F4xx_HAL_Driver/stm32f4xx_hal_rcc.o

.debug_str      0x0000000000000000    0x85563
 .debug_str     0x0000000000000000       0xb6 ./Application/Startup/startup_stm32f401retx.o
 .debug_str     0x00000000000000b6    0x838dd ./Application/User/app_bootloader.o
                                      0x83bf6 (size before relaxing)
 .debug_str     0x0000000000083993      0x2f0 ./Application/User/main.o
                                      0x7fd34 (size before relaxing)
 .debug_str     0x0000000000083c83       0xa7 ./Application/User/stm32f4xx_hal_msp.o
                                      0x7fb68 (size before relaxing)
 .debug_str     0x0000000000083d2a      0x127 ./Application/User/stm32f4xx_it.o
                                      0x7fabf (size before relaxing)
 .debug_str     0x0000000000083e51      0x139 ./Drivers/CMSIS/system_stm32f4xx.o
                                      0x7f05e (size before relaxing)
 .debug_str     0x0000000000083f8a      0x9bf ./Drivers/STM32F4xx_HAL_Driver/stm32f4xx_hal.o
                                      0x7fa55 (size before relaxing)
 .debug_str     0x0000000000084949      0x36b ./Drivers/STM32F4xx_HAL_Driver/stm32f4xx_hal_cortex.o
                                      0x7f777 (size before relaxing)
 .debug_str     0x0000000000084cb4      0x304 ./Drivers/STM32F4xx_HAL_Driver/stm32f4xx_hal_flash.o
                                      0x7f211 (size before relaxing)
 .debug_str     0x0000000000084fb8      0x2da ./Drivers/STM32F4xx_HAL_Driver/stm32f4xx_hal_flash_ex.o
                                      0x7f334 (size before relaxing)
 .debug_str     0x0000000000085292      0x2d1 ./Drivers/STM32F4xx_HAL_Driver/stm32f4xx_hal_rcc.o
                                      0x7f467 (size before relaxing)

.debug_ranges   0x0000000000000000      0x480
 .debug_ranges  0x0000000000000000       0x20 ./Application/Startup/startup_stm32f401retx.o
 .debug_ranges  0x0000000000000020       0x20 ./Application/User/app_bootloader.o
 .debug_ranges  0x0000000000000040       0x20 ./Application/User/main.o
 .debug_ranges  0x0000000000000060       0x10 ./Application/User/stm32f4xx_hal_msp.o
 .debug_ranges  0x0000000000000070       0x50 ./Application/User/stm32f4xx_it.o
 .debug_ranges  0x00000000000000c0       0x18 ./Drivers/CMSIS/system_stm32f4xx.o
 .debug_ranges  0x00000000000000d8       0xe0 ./Drivers/STM32F4xx_HAL_Driver/stm32f4xx_hal.o
 .debug_ranges  0x00000000000001b8      0x108 ./Drivers/STM32F4xx_HAL_Driver/stm32f4xx_hal_cortex.o
 .debug_ranges  0x00000000000002c0       0x90 ./Drivers/STM32F4xx_HAL_Driver/stm32f4xx_hal_flash.o
 .debug_ranges  0x0000000000000350       0xb8 ./Drivers/STM32F4xx_HAL_Driver/stm32f4xx_hal_flash_ex.o
 .debug_ranges  0x0000000000000408       0x78 ./Drivers/STM32F4xx_HAL_Driver/stm32f4xx_hal_rcc.o

.debug_macro    0x0000000000000000    0x15783
 .debug_macro   0x0000000000000000      0x3a9 ./Application/User/app_bootloader.o
 .debug_macro   0x00000000000003a9      0xa78 ./Application/User/app_bootloader.o
 .debug_macro   0x0000000000000e21      0x295 ./Application/User/app_bootloader.o
 .debug_macro   0x00000000000010b6       0x2e ./Application/User/app_bootloader.o
 .debug_macro   0x00000000000010e4       0x28 ./Application/User/app_bootloader.o
 .debug_macro   0x000000000000110c       0x22 ./Application/User/app_bootloader.o
 .debug_macro   0x000000000000112e       0x8e ./Application/User/app_bootloader.o
 .debug_macro   0x00000000000011bc       0x51 ./Application/User/app_bootloader.o
 .debug_macro   0x000000000000120d      0x103 ./Application/User/app_bootloader.o
 .debug_macro   0x0000000000001310       0x6a ./Application/User/app_bootloader.o
 .debug_macro   0x000000000000137a      0x1df ./Application/User/app_bootloader.o
 .debug_macro   0x0000000000001559       0x1c ./Application/User/app_bootloader.o
 .debug_macro   0x0000000000001575       0x22 ./Application/User/app_bootloader.o
 .debug_macro   0x0000000000001597       0xfb ./Application/User/app_bootloader.o
 .debug_macro   0x0000000000001692     0x1011 ./Application/User/app_bootloader.o
 .debug_macro   0x00000000000026a3      0x11f ./Application/User/app_bootloader.o
 .debug_macro   0x00000000000027c2     0xb86c ./Application/User/app_bootloader.o
 .debug_macro   0x000000000000e02e       0x6d ./Application/User/app_bootloader.o
 .debug_macro   0x000000000000e09b     0x367e ./Application/User/app_bootloader.o
 .debug_macro   0x0000000000011719      0x174 ./Application/User/app_bootloader.o
 .debug_macro   0x000000000001188d       0x5c ./Application/User/app_bootloader.o
 .debug_macro   0x00000000000118e9      0x416 ./Application/User/app_bootloader.o
 .debug_macro   0x0000000000011cff      0x9fe ./Application/User/app_bootloader.o
 .debug_macro   0x00000000000126fd      0x115 ./Application/User/app_bootloader.o
 .debug_macro   0x0000000000012812       0xf8 ./Application/User/app_bootloader.o
 .debug_macro   0x000000000001290a       0xa5 ./Application/User/app_bootloader.o
 .debug_macro   0x00000000000129af      0x15f ./Application/User/app_bootloader.o
 .debug_macro   0x0000000000012b0e      0x287 ./Application/User/app_bootloader.o
 .debug_macro   0x0000000000012d95       0x5f ./Application/User/app_bootloader.o
 .debug_macro   0x0000000000012df4      0x236 ./Application/User/app_bootloader.o
 .debug_macro   0x000000000001302a      0x132 ./Application/User/app_bootloader.o
 .debug_macro   0x000000000001315c      0x264 ./Application/User/app_bootloader.o
 .debug_macro   0x00000000000133c0       0x2e ./Application/User/app_bootloader.o
 .debug_macro   0x00000000000133ee      0x11a ./Application/User/app_bootloader.o
 .debug_macro   0x0000000000013508       0x85 ./Application/User/app_bootloader.o
 .debug_macro   0x000000000001358d       0x89 ./Application/User/app_bootloader.o
 .debug_macro   0x0000000000013616      0x295 ./Application/User/app_bootloader.o
 .debug_macro   0x00000000000138ab      0x126 ./Application/User/app_bootloader.o
 .debug_macro   0x00000000000139d1       0x2e ./Application/User/app_bootloader.o
 .debug_macro   0x00000000000139ff       0x82 ./Application/User/app_bootloader.o
 .debug_macro   0x0000000000013a81       0x40 ./Application/User/app_bootloader.o
 .debug_macro   0x0000000000013ac1      0x145 ./Application/User/app_bootloader.o
 .debug_macro   0x0000000000013c06       0x52 ./Application/User/app_bootloader.o
 .debug_macro   0x0000000000013c58       0x1e ./Application/User/app_bootloader.o
 .debug_macro   0x0000000000013c76       0x3c ./Application/User/app_bootloader.o
 .debug_macro   0x0000000000013cb2       0x34 ./Application/User/app_bootloader.o
 .debug_macro   0x0000000000013ce6       0x16 ./Application/User/app_bootloader.o
 .debug_macro   0x0000000000013cfc       0x35 ./Application/User/app_bootloader.o
 .debug_macro   0x0000000000013d31      0x341 ./Application/User/app_bootloader.o
 .debug_macro   0x0000000000014072       0x10 ./Application/User/app_bootloader.o
 .debug_macro   0x0000000000014082       0x16 ./Application/User/app_bootloader.o
 .debug_macro   0x0000000000014098       0x43 ./Application/User/app_bootloader.o
 .debug_macro   0x00000000000140db       0x34 ./Application/User/app_bootloader.o
 .debug_macro   0x000000000001410f       0x10 ./Application/User/app_bootloader.o
 .debug_macro   0x000000000001411f       0x58 ./Application/User/app_bootloader.o
 .debug_macro   0x0000000000014177       0x71 ./Application/User/app_bootloader.o
 .debug_macro   0x00000000000141e8       0x1c ./Application/User/app_bootloader.o
 .debug_macro   0x0000000000014204      0x12a ./Application/User/app_bootloader.o
 .debug_macro   0x000000000001432e       0x10 ./Application/User/app_bootloader.o
 .debug_macro   0x000000000001433e       0x1c ./Application/User/app_bootloader.o
 .debug_macro   0x000000000001435a       0x52 ./Application/User/app_bootloader.o
 .debug_macro   0x00000000000143ac       0x22 ./Application/User/app_bootloader.o
 .debug_macro   0x00000000000143ce       0x10 ./Application/User/app_bootloader.o
 .debug_macro   0x00000000000143de       0x52 ./Application/User/app_bootloader.o
 .debug_macro   0x0000000000014430       0xd5 ./Application/User/app_bootloader.o
 .debug_macro   0x0000000000014505       0x1c ./Application/User/app_bootloader.o
 .debug_macro   0x0000000000014521       0x3d ./Application/User/app_bootloader.o
 .debug_macro   0x000000000001455e       0x16 ./Application/User/app_bootloader.o
 .debug_macro   0x0000000000014574      0x145 ./Application/User/app_bootloader.o
 .debug_macro   0x00000000000146b9      0x1f8 ./Application/User/main.o
 .debug_macro   0x00000000000148b1      0x1ee ./Application/User/stm32f4xx_hal_msp.o
 .debug_macro   0x0000000000014a9f      0x1f8 ./Application/User/stm32f4xx_it.o
 .debug_macro   0x0000000000014c97      0x1ba ./Drivers/CMSIS/system_stm32f4xx.o
 .debug_macro   0x0000000000014e51      0x21a ./Drivers/STM32F4xx_HAL_Driver/stm32f4xx_hal.o
 .debug_macro   0x000000000001506b      0x1ba ./Drivers/STM32F4xx_HAL_Driver/stm32f4xx_hal_cortex.o
 .debug_macro   0x0000000000015225      0x1c0 ./Drivers/STM32F4xx_HAL_Driver/stm32f4xx_hal_flash.o
 .debug_macro   0x00000000000153e5      0x1c0 ./Drivers/STM32F4xx_HAL_Driver/stm32f4xx_hal_flash_ex.o
 .debug_macro   0x00000000000155a5      0x1de ./Drivers/STM32F4xx_HAL_Driver/stm32f4xx_hal_rcc.o

.comment        0x0000000000000000       0x50
 .comment       0x0000000000000000       0x50 ./Application/User/app_bootloader.o
                                         0x51 (size before relaxing)
 .comment       0x0000000000000050       0x51 ./Application/User/main.o
 .comment       0x0000000000000050       0x51 ./Application/User/stm32f4xx_hal_msp.o
 .comment       0x0000000000000050       0x51 ./Application/User/stm32f4xx_it.o
 .comment       0x0000000000000050       0x51 ./Drivers/CMSIS/system_stm32f4xx.o
 .comment       0x0000000000000050       0x51 ./Drivers/STM32F4xx_HAL_Driver/stm32f4xx_hal.o
 .comment       0x0000000000000050       0x51 ./Drivers/STM32F4xx_HAL_Driver/stm32f4xx_hal_cortex.o
 .comment       0x0000000000000050       0x51 ./Drivers/STM32F4xx_HAL_Driver/stm32f4xx_hal_flash.o
 .comment       0x0000000000000050       0x51 ./Drivers/STM32F4xx_HAL_Driver/stm32f4xx_hal_flash_ex.o
 .comment       0x0000000000000050       0x51 ./Drivers/STM32F4xx_HAL_Driver/stm32f4xx_hal_rcc.o

.debug_frame    0x0000000000000000     0x12c0
 .debug_frame   0x0000000000000000       0x74 ./Application/User/app_bootloader.o
 .debug_frame   0x0000000000000074       0x68 ./Application/User/main.o
 .debug_frame   0x00000000000000dc       0x34 ./Application/User/stm32f4xx_hal_msp.o
 .debug_frame   0x0000000000000110      0x104 ./Application/User/stm32f4xx_it.o
 .debug_frame   0x0000000000000214       0x58 ./Drivers/CMSIS/system_stm32f4xx.o
 .debug_frame   0x000000000000026c      0x374 ./Drivers/STM32F4xx_HAL_Driver/stm32f4xx_hal.o
 .debug_frame   0x00000000000005e0      0x498 ./Drivers/STM32F4xx_HAL_Driver/stm32f4xx_hal_cortex.o
 .debug_frame   0x0000000000000a78      0x274 ./Drivers/STM32F4xx_HAL_Driver/stm32f4xx_hal_flash.o
 .debug_frame   0x0000000000000cec      0x334 ./Drivers/STM32F4xx_HAL_Driver/stm32f4xx_hal_flash_ex.o
 .debug_frame   0x0000000000001020      0x1f4 ./Drivers/STM32F4xx_HAL_Driver/stm32f4xx_hal_rcc.o
 .debug_frame   0x0000000000001214       0x2c c:/st/stm32cubeide_1.11.0/stm32cubeide/plugins/com.st.stm32cube.ide.mcu.externaltools.gnu-tools-for-stm32.10.3-2021.10.win32_1.0.100.202210260954/tools/bin/../lib/gcc/arm-none-eabi/10.3.1/../../../../arm-none-eabi/lib/thumb/v7e-m+fp/hard\libc_nano.a(lib_a-init.o)
 .debug_frame   0x0000000000001240       0x20 c:/st/stm32cubeide_1.11.0/stm32cubeide/plugins/com.st.stm32cube.ide.mcu.externaltools.gnu-tools-for-stm32.10.3-2021.10.win32_1.0.100.202210260954/tools/bin/../lib/gcc/arm-none-eabi/10.3.1/../../../../arm-none-eabi/lib/thumb/v7e-m+fp/hard\libc_nano.a(lib_a-memset.o)
 .debug_frame   0x0000000000001260       0x2c c:/st/stm32cubeide_1.11.0/stm32cubeide/plugins/com.st.stm32cube.ide.mcu.externaltools.gnu-tools-for-stm32.10.3-2021.10.win32_1.0.100.202210260954/tools/bin/../lib/gcc/arm-none-eabi/10.3.1/thumb/v7e-m+fp/hard\libgcc.a(_aeabi_uldivmod.o)
 .debug_frame   0x000000000000128c       0x34 c:/st/stm32cubeide_1.11.0/stm32cubeide/plugins/com.st.stm32cube.ide.mcu.externaltools.gnu-tools-for-stm32.10.3-2021.10.win32_1.0.100.202210260954/tools/bin/../lib/gcc/arm-none-eabi/10.3.1/thumb/v7e-m+fp/hard\libgcc.a(_udivmoddi4.o)
